[EURUSD 5m] 2012-2026
INFO:DUKASCRIPT:current timestamp :2012-02-01T00:35:00
INFO:DUKASCRIPT:current timestamp :2012-02-21T23:00:00
INFO:DUKASCRIPT:current timestamp :2012-03-13T19:30:00
INFO:DUKASCRIPT:current timestamp :2012-04-03T22:45:00
INFO:DUKASCRIPT:current timestamp :2012-04-26T11:25:00
INFO:DUKASCRIPT:current timestamp :2012-05-17T07:35:00
INFO:DUKASCRIPT:current timestamp :2012-06-07T05:25:00
INFO:DUKASCRIPT:current timestamp :2012-06-28T01:25:00
INFO:DUKASCRIPT:current timestamp :2012-07-21T01:30:00
INFO:DUKASCRIPT:current timestamp :2012-08-10T22:50:00
INFO:DUKASCRIPT:current timestamp :2012-08-31T21:45:00
INFO:DUKASCRIPT:current timestamp :2012-09-21T18:05:00
INFO:DUKASCRIPT:current timestamp :2012-10-12T15:30:00
INFO:DUKASCRIPT:current timestamp :2012-11-02T13:55:00
INFO:DUKASCRIPT:current timestamp :2012-11-23T10:00:00
INFO:DUKASCRIPT:current timestamp :2012-12-15T12:30:00
  EURUSD 5m 2012: 100,872 bar
INFO:DUKASCRIPT:current timestamp :2013-01-21T20:05:00
INFO:DUKASCRIPT:current timestamp :2013-02-12T09:25:00
INFO:DUKASCRIPT:current timestamp :2013-03-06T03:55:00
INFO:DUKASCRIPT:current timestamp :2013-03-27T00:05:00
INFO:DUKASCRIPT:current timestamp :2013-04-16T22:30:00
INFO:DUKASCRIPT:current timestamp :2013-05-07T19:20:00
INFO:DUKASCRIPT:current timestamp :2013-05-29T01:55:00
INFO:DUKASCRIPT:current timestamp :2013-06-19T04:40:00
INFO:DUKASCRIPT:current timestamp :2013-07-10T02:30:00
INFO:DUKASCRIPT:current timestamp :2013-07-30T23:30:00
INFO:DUKASCRIPT:current timestamp :2013-08-20T20:40:00
INFO:DUKASCRIPT:current timestamp :2013-09-10T19:25:00
INFO:DUKASCRIPT:current timestamp :2013-10-01T16:00:00
INFO:DUKASCRIPT:current timestamp :2013-10-22T12:20:00
INFO:DUKASCRIPT:current timestamp :2013-11-12T11:05:00
INFO:DUKASCRIPT:current timestamp :2013-12-03T08:40:00
INFO:DUKASCRIPT:current timestamp :2013-12-24T05:00:00
  EURUSD 5m 2013: 104,583 bar
INFO:DUKASCRIPT:current timestamp :2014-01-21T23:45:00
INFO:DUKASCRIPT:current timestamp :2014-02-12T04:35:00
INFO:DUKASCRIPT:current timestamp :2014-03-05T05:30:00
INFO:DUKASCRIPT:current timestamp :2014-03-26T01:25:00
INFO:DUKASCRIPT:current timestamp :2014-04-15T21:40:00
INFO:DUKASCRIPT:current timestamp :2014-05-07T01:10:00
INFO:DUKASCRIPT:current timestamp :2014-06-05T01:10:00
INFO:DUKASCRIPT:current timestamp :2014-07-04T03:45:00
INFO:DUKASCRIPT:current timestamp :2014-08-04T06:00:00
INFO:DUKASCRIPT:current timestamp :2014-09-02T03:45:00
INFO:DUKASCRIPT:current timestamp :2014-10-01T00:05:00
INFO:DUKASCRIPT:current timestamp :2014-10-29T20:15:00
INFO:DUKASCRIPT:current timestamp :2014-11-27T17:10:00
INFO:DUKASCRIPT:current timestamp :2014-12-29T04:40:00
  EURUSD 5m 2014: 85,122 bar
INFO:DUKASCRIPT:current timestamp :2015-01-30T20:05:00
INFO:DUKASCRIPT:current timestamp :2015-03-02T16:45:00
INFO:DUKASCRIPT:current timestamp :2015-03-31T12:00:00
INFO:DUKASCRIPT:current timestamp :2015-04-29T08:15:00
INFO:DUKASCRIPT:current timestamp :2015-05-28T05:40:00
INFO:DUKASCRIPT:current timestamp :2015-06-26T02:05:00
INFO:DUKASCRIPT:current timestamp :2015-07-24T22:30:00
INFO:DUKASCRIPT:current timestamp :2015-08-24T19:25:00
INFO:DUKASCRIPT:current timestamp :2015-09-22T16:05:00
INFO:DUKASCRIPT:current timestamp :2015-10-21T12:40:00
INFO:DUKASCRIPT:current timestamp :2015-11-19T10:20:00
INFO:DUKASCRIPT:current timestamp :2015-12-18T06:45:00
  EURUSD 5m 2015: 74,716 bar
INFO:DUKASCRIPT:current timestamp :2016-02-01T20:05:00
INFO:DUKASCRIPT:current timestamp :2016-03-01T16:00:00
INFO:DUKASCRIPT:current timestamp :2016-03-30T12:20:00
INFO:DUKASCRIPT:current timestamp :2016-04-28T10:10:00
INFO:DUKASCRIPT:current timestamp :2016-05-27T06:45:00
INFO:DUKASCRIPT:current timestamp :2016-06-27T03:10:00
INFO:DUKASCRIPT:current timestamp :2016-07-25T23:40:00
INFO:DUKASCRIPT:current timestamp :2016-08-23T19:55:00
INFO:DUKASCRIPT:current timestamp :2016-09-21T16:10:00
INFO:DUKASCRIPT:current timestamp :2016-10-20T12:40:00
INFO:DUKASCRIPT:current timestamp :2016-11-18T10:05:00
INFO:DUKASCRIPT:current timestamp :2016-12-19T07:00:00
  EURUSD 5m 2016: 74,882 bar
INFO:DUKASCRIPT:current timestamp :2017-01-30T23:00:00
INFO:DUKASCRIPT:current timestamp :2017-02-28T19:10:00
INFO:DUKASCRIPT:current timestamp :2017-03-29T14:25:00
INFO:DUKASCRIPT:current timestamp :2017-04-27T11:05:00
INFO:DUKASCRIPT:current timestamp :2017-05-26T08:00:00
INFO:DUKASCRIPT:current timestamp :2017-06-26T04:15:00
INFO:DUKASCRIPT:current timestamp :2017-07-25T00:20:00
INFO:DUKASCRIPT:current timestamp :2017-08-22T20:20:00
INFO:DUKASCRIPT:current timestamp :2017-09-20T16:30:00
INFO:DUKASCRIPT:current timestamp :2017-10-19T12:30:00
INFO:DUKASCRIPT:current timestamp :2017-11-17T10:25:00
INFO:DUKASCRIPT:current timestamp :2017-12-18T06:25:00
  EURUSD 5m 2017: 74,686 bar
INFO:DUKASCRIPT:current timestamp :2018-01-30T20:55:00
INFO:DUKASCRIPT:current timestamp :2018-02-28T16:50:00
INFO:DUKASCRIPT:current timestamp :2018-03-29T11:45:00
INFO:DUKASCRIPT:current timestamp :2018-04-27T07:50:00
INFO:DUKASCRIPT:current timestamp :2018-05-28T03:50:00
INFO:DUKASCRIPT:current timestamp :2018-06-25T23:45:00
INFO:DUKASCRIPT:current timestamp :2018-07-24T19:50:00
INFO:DUKASCRIPT:current timestamp :2018-08-22T15:50:00
INFO:DUKASCRIPT:current timestamp :2018-09-20T11:55:00
INFO:DUKASCRIPT:current timestamp :2018-10-19T08:00:00
INFO:DUKASCRIPT:current timestamp :2018-11-19T05:00:00
INFO:DUKASCRIPT:current timestamp :2018-12-18T00:55:00
  EURUSD 5m 2018: 74,700 bar
INFO:DUKASCRIPT:current timestamp :2019-01-30T20:05:00
INFO:DUKASCRIPT:current timestamp :2019-02-28T16:05:00
INFO:DUKASCRIPT:current timestamp :2019-03-29T11:10:00
INFO:DUKASCRIPT:current timestamp :2019-04-29T07:15:00
INFO:DUKASCRIPT:current timestamp :2019-05-28T03:20:00
INFO:DUKASCRIPT:current timestamp :2019-06-25T23:25:00
INFO:DUKASCRIPT:current timestamp :2019-07-24T19:30:00
INFO:DUKASCRIPT:current timestamp :2019-08-22T15:40:00
INFO:DUKASCRIPT:current timestamp :2019-09-20T12:10:00
INFO:DUKASCRIPT:current timestamp :2019-10-21T08:30:00
INFO:DUKASCRIPT:current timestamp :2019-11-19T05:50:00
INFO:DUKASCRIPT:current timestamp :2019-12-18T02:05:00
  EURUSD 5m 2019: 74,702 bar
INFO:DUKASCRIPT:current timestamp :2020-01-30T20:20:00
INFO:DUKASCRIPT:current timestamp :2020-02-28T17:50:00
INFO:DUKASCRIPT:current timestamp :2020-03-30T13:10:00
INFO:DUKASCRIPT:current timestamp :2020-04-28T10:10:00
INFO:DUKASCRIPT:current timestamp :2020-05-27T07:20:00
INFO:DUKASCRIPT:current timestamp :2020-06-25T04:35:00
INFO:DUKASCRIPT:current timestamp :2020-07-24T02:40:00
INFO:DUKASCRIPT:current timestamp :2020-08-24T00:55:00
INFO:DUKASCRIPT:current timestamp :2020-09-22T01:00:00
INFO:DUKASCRIPT:current timestamp :2020-10-21T00:15:00
INFO:DUKASCRIPT:current timestamp :2020-11-18T23:05:00
INFO:DUKASCRIPT:current timestamp :2020-12-17T21:45:00
  EURUSD 5m 2020: 74,984 bar
INFO:DUKASCRIPT:current timestamp :2021-02-01T22:20:00
INFO:DUKASCRIPT:current timestamp :2021-03-02T21:30:00
INFO:DUKASCRIPT:current timestamp :2021-03-31T19:20:00
INFO:DUKASCRIPT:current timestamp :2021-04-29T21:55:00
INFO:DUKASCRIPT:current timestamp :2021-05-28T23:55:00
INFO:DUKASCRIPT:current timestamp :2021-06-29T01:50:00
INFO:DUKASCRIPT:current timestamp :2021-07-28T02:35:00
INFO:DUKASCRIPT:current timestamp :2021-08-26T07:05:00
INFO:DUKASCRIPT:current timestamp :2021-09-24T10:15:00
INFO:DUKASCRIPT:current timestamp :2021-10-25T11:35:00
INFO:DUKASCRIPT:current timestamp :2021-11-23T12:00:00
INFO:DUKASCRIPT:current timestamp :2021-12-22T10:25:00
  EURUSD 5m 2021: 74,864 bar
INFO:DUKASCRIPT:current timestamp :2022-01-31T22:50:00
INFO:DUKASCRIPT:current timestamp :2022-03-01T20:45:00
INFO:DUKASCRIPT:current timestamp :2022-03-30T16:45:00
INFO:DUKASCRIPT:current timestamp :2022-04-28T14:35:00
INFO:DUKASCRIPT:current timestamp :2022-05-27T13:15:00
INFO:DUKASCRIPT:current timestamp :2022-06-27T11:35:00
INFO:DUKASCRIPT:current timestamp :2022-07-26T09:30:00
INFO:DUKASCRIPT:current timestamp :2022-08-24T06:45:00
INFO:DUKASCRIPT:current timestamp :2022-09-22T04:10:00
INFO:DUKASCRIPT:current timestamp :2022-10-21T01:50:00
INFO:DUKASCRIPT:current timestamp :2022-11-19T00:20:00
INFO:DUKASCRIPT:current timestamp :2022-12-19T21:40:00
  EURUSD 5m 2022: 74,885 bar
INFO:DUKASCRIPT:current timestamp :2023-01-31T00:20:00
INFO:DUKASCRIPT:current timestamp :2023-02-28T22:45:00
INFO:DUKASCRIPT:current timestamp :2023-03-29T21:45:00
INFO:DUKASCRIPT:current timestamp :2023-04-27T22:00:00
INFO:DUKASCRIPT:current timestamp :2023-05-26T21:40:00
INFO:DUKASCRIPT:current timestamp :2023-06-26T21:35:00
INFO:DUKASCRIPT:current timestamp :2023-07-25T20:30:00
INFO:DUKASCRIPT:current timestamp :2023-08-23T18:25:00
INFO:DUKASCRIPT:current timestamp :2023-09-21T17:25:00
INFO:DUKASCRIPT:current timestamp :2023-10-20T15:05:00
INFO:DUKASCRIPT:current timestamp :2023-11-20T13:30:00
INFO:DUKASCRIPT:current timestamp :2023-12-19T11:20:00
  EURUSD 5m 2023: 74,653 bar
INFO:DUKASCRIPT:current timestamp :2024-01-30T22:35:00
INFO:DUKASCRIPT:current timestamp :2024-02-28T20:10:00
INFO:DUKASCRIPT:current timestamp :2024-03-28T17:30:00
INFO:DUKASCRIPT:current timestamp :2024-04-26T16:00:00
INFO:DUKASCRIPT:current timestamp :2024-05-27T15:50:00
INFO:DUKASCRIPT:current timestamp :2024-06-25T16:50:00
INFO:DUKASCRIPT:current timestamp :2024-07-24T17:20:00
INFO:DUKASCRIPT:current timestamp :2024-08-22T14:40:00
INFO:DUKASCRIPT:current timestamp :2024-09-20T13:30:00
INFO:DUKASCRIPT:current timestamp :2024-10-21T11:25:00
INFO:DUKASCRIPT:current timestamp :2024-11-19T09:20:00
INFO:DUKASCRIPT:current timestamp :2024-12-18T06:30:00
  EURUSD 5m 2024: 74,960 bar
INFO:DUKASCRIPT:current timestamp :2025-01-30T21:10:00
INFO:DUKASCRIPT:current timestamp :2025-02-28T18:10:00
INFO:DUKASCRIPT:current timestamp :2025-03-31T14:00:00
INFO:DUKASCRIPT:current timestamp :2025-04-29T11:10:00
INFO:DUKASCRIPT:current timestamp :2025-05-28T07:40:00
INFO:DUKASCRIPT:current timestamp :2025-06-26T04:45:00
INFO:DUKASCRIPT:current timestamp :2025-07-25T01:50:00
INFO:DUKASCRIPT:current timestamp :2025-08-22T23:20:00
INFO:DUKASCRIPT:current timestamp :2025-09-22T21:05:00
INFO:DUKASCRIPT:current timestamp :2025-10-21T18:55:00
INFO:DUKASCRIPT:current timestamp :2025-11-19T17:30:00
INFO:DUKASCRIPT:current timestamp :2025-12-18T15:30:00
  EURUSD 5m 2025: 74,676 bar
INFO:DUKASCRIPT:current timestamp :2026-01-30T21:25:00
INFO:DUKASCRIPT:current timestamp :2026-03-02T18:55:00
INFO:DUKASCRIPT:current timestamp :2026-03-31T14:45:00
INFO:DUKASCRIPT:current timestamp :2026-04-29T12:45:00
INFO:DUKASCRIPT:current timestamp :2026-05-28T11:05:00
INFO:DUKASCRIPT:current timestamp :2026-06-26T09:25:00
INFO:DUKASCRIPT:current timestamp :2026-07-27T08:20:00
INFO:DUKASCRIPT:current timestamp :2026-08-21T23:55:00
  EURUSD 5m 2026: 47,819 bar
  -> inen=15 atlanan=0 bos=0
[GBPUSD 5m] 2012-2026
INFO:DUKASCRIPT:current timestamp :2012-02-01T00:35:00
INFO:DUKASCRIPT:current timestamp :2012-02-21T23:00:00
INFO:DUKASCRIPT:current timestamp :2012-03-13T19:30:00
INFO:DUKASCRIPT:current timestamp :2012-04-03T22:45:00
INFO:DUKASCRIPT:current timestamp :2012-04-26T11:25:00
INFO:DUKASCRIPT:current timestamp :2012-05-17T07:35:00
INFO:DUKASCRIPT:current timestamp :2012-06-07T05:25:00
INFO:DUKASCRIPT:current timestamp :2012-06-28T01:25:00
INFO:DUKASCRIPT:current timestamp :2012-07-21T01:30:00
INFO:DUKASCRIPT:current timestamp :2012-08-10T22:50:00
INFO:DUKASCRIPT:current timestamp :2012-08-31T21:45:00
INFO:DUKASCRIPT:current timestamp :2012-09-21T18:05:00
INFO:DUKASCRIPT:current timestamp :2012-10-12T15:30:00
INFO:DUKASCRIPT:current timestamp :2012-11-02T13:55:00
INFO:DUKASCRIPT:current timestamp :2012-11-23T10:00:00
INFO:DUKASCRIPT:current timestamp :2012-12-15T12:30:00
  GBPUSD 5m 2012: 100,872 bar
INFO:DUKASCRIPT:current timestamp :2013-01-21T20:05:00
INFO:DUKASCRIPT:current timestamp :2013-02-12T09:25:00
INFO:DUKASCRIPT:current timestamp :2013-03-06T03:55:00
INFO:DUKASCRIPT:current timestamp :2013-03-27T00:05:00
INFO:DUKASCRIPT:current timestamp :2013-04-16T22:30:00
INFO:DUKASCRIPT:current timestamp :2013-05-07T19:20:00
INFO:DUKASCRIPT:current timestamp :2013-05-29T01:55:00
INFO:DUKASCRIPT:current timestamp :2013-06-19T04:40:00
INFO:DUKASCRIPT:current timestamp :2013-07-10T02:30:00
INFO:DUKASCRIPT:current timestamp :2013-07-30T23:30:00
INFO:DUKASCRIPT:current timestamp :2013-08-20T20:40:00
INFO:DUKASCRIPT:current timestamp :2013-09-10T19:25:00
INFO:DUKASCRIPT:current timestamp :2013-10-01T16:00:00
INFO:DUKASCRIPT:current timestamp :2013-10-22T12:20:00
INFO:DUKASCRIPT:current timestamp :2013-11-12T11:05:00
INFO:DUKASCRIPT:current timestamp :2013-12-03T08:40:00
INFO:DUKASCRIPT:current timestamp :2013-12-24T05:00:00
  GBPUSD 5m 2013: 104,584 bar
INFO:DUKASCRIPT:current timestamp :2014-01-21T23:45:00
INFO:DUKASCRIPT:current timestamp :2014-02-12T04:35:00
INFO:DUKASCRIPT:current timestamp :2014-03-05T05:30:00
INFO:DUKASCRIPT:current timestamp :2014-03-26T01:25:00
INFO:DUKASCRIPT:current timestamp :2014-04-15T21:40:00
INFO:DUKASCRIPT:current timestamp :2014-05-07T00:15:00
INFO:DUKASCRIPT:current timestamp :2014-06-04T21:30:00
INFO:DUKASCRIPT:current timestamp :2014-07-03T17:35:00
INFO:DUKASCRIPT:current timestamp :2014-08-01T14:35:00
INFO:DUKASCRIPT:current timestamp :2014-09-01T11:00:00
INFO:DUKASCRIPT:current timestamp :2014-09-30T07:30:00
INFO:DUKASCRIPT:current timestamp :2014-10-29T03:25:00
INFO:DUKASCRIPT:current timestamp :2014-11-27T00:25:00
INFO:DUKASCRIPT:current timestamp :2014-12-26T10:40:00
  GBPUSD 5m 2014: 85,110 bar
INFO:DUKASCRIPT:current timestamp :2015-01-30T19:55:00
INFO:DUKASCRIPT:current timestamp :2015-03-02T16:00:00
INFO:DUKASCRIPT:current timestamp :2015-03-31T11:05:00
INFO:DUKASCRIPT:current timestamp :2015-04-29T07:05:00
INFO:DUKASCRIPT:current timestamp :2015-05-28T04:25:00
INFO:DUKASCRIPT:current timestamp :2015-06-26T00:30:00
INFO:DUKASCRIPT:current timestamp :2015-07-24T20:40:00
INFO:DUKASCRIPT:current timestamp :2015-08-24T17:00:00
INFO:DUKASCRIPT:current timestamp :2015-09-22T13:05:00
INFO:DUKASCRIPT:current timestamp :2015-10-21T09:25:00
INFO:DUKASCRIPT:current timestamp :2015-11-19T06:45:00
INFO:DUKASCRIPT:current timestamp :2015-12-18T02:45:00
  GBPUSD 5m 2015: 74,707 bar
INFO:DUKASCRIPT:current timestamp :2016-02-01T20:00:00
INFO:DUKASCRIPT:current timestamp :2016-03-01T16:00:00
INFO:DUKASCRIPT:current timestamp :2016-03-30T12:05:00
INFO:DUKASCRIPT:current timestamp :2016-04-28T09:40:00
INFO:DUKASCRIPT:current timestamp :2016-05-27T05:50:00
INFO:DUKASCRIPT:current timestamp :2016-06-27T02:00:00
INFO:DUKASCRIPT:current timestamp :2016-07-25T22:25:00
INFO:DUKASCRIPT:current timestamp :2016-08-23T18:35:00
INFO:DUKASCRIPT:current timestamp :2016-09-21T14:55:00
INFO:DUKASCRIPT:current timestamp :2016-10-20T11:25:00
INFO:DUKASCRIPT:current timestamp :2016-11-18T08:35:00
INFO:DUKASCRIPT:current timestamp :2016-12-19T05:10:00
  GBPUSD 5m 2016: 74,881 bar
INFO:DUKASCRIPT:current timestamp :2017-01-30T21:40:00
INFO:DUKASCRIPT:current timestamp :2017-02-28T17:45:00
INFO:DUKASCRIPT:current timestamp :2017-03-29T12:45:00
INFO:DUKASCRIPT:current timestamp :2017-04-27T08:50:00
INFO:DUKASCRIPT:current timestamp :2017-05-26T04:55:00
INFO:DUKASCRIPT:current timestamp :2017-06-26T01:05:00
INFO:DUKASCRIPT:current timestamp :2017-07-24T21:10:00
INFO:DUKASCRIPT:current timestamp :2017-08-22T17:20:00
INFO:DUKASCRIPT:current timestamp :2017-09-20T13:25:00
INFO:DUKASCRIPT:current timestamp :2017-10-19T09:30:00
INFO:DUKASCRIPT:current timestamp :2017-11-17T07:30:00
INFO:DUKASCRIPT:current timestamp :2017-12-18T03:30:00
  GBPUSD 5m 2017: 74,687 bar
INFO:DUKASCRIPT:current timestamp :2018-01-30T20:55:00
INFO:DUKASCRIPT:current timestamp :2018-02-28T16:50:00
INFO:DUKASCRIPT:current timestamp :2018-03-29T12:00:00
INFO:DUKASCRIPT:current timestamp :2018-04-27T08:10:00
INFO:DUKASCRIPT:current timestamp :2018-05-28T04:15:00
INFO:DUKASCRIPT:current timestamp :2018-06-26T00:25:00
INFO:DUKASCRIPT:current timestamp :2018-07-24T20:25:00
INFO:DUKASCRIPT:current timestamp :2018-08-22T16:45:00
INFO:DUKASCRIPT:current timestamp :2018-09-20T12:45:00
INFO:DUKASCRIPT:current timestamp :2018-10-19T08:45:00
INFO:DUKASCRIPT:current timestamp :2018-11-19T06:00:00
INFO:DUKASCRIPT:current timestamp :2018-12-18T02:05:00
  GBPUSD 5m 2018: 74,688 bar
INFO:DUKASCRIPT:current timestamp :2019-01-30T20:20:00
INFO:DUKASCRIPT:current timestamp :2019-02-28T16:35:00
INFO:DUKASCRIPT:current timestamp :2019-03-29T11:35:00
INFO:DUKASCRIPT:current timestamp :2019-04-29T08:05:00
INFO:DUKASCRIPT:current timestamp :2019-05-28T04:25:00
INFO:DUKASCRIPT:current timestamp :2019-06-26T00:45:00
INFO:DUKASCRIPT:current timestamp :2019-07-24T21:10:00
INFO:DUKASCRIPT:current timestamp :2019-08-22T17:55:00
INFO:DUKASCRIPT:current timestamp :2019-09-20T14:30:00
INFO:DUKASCRIPT:current timestamp :2019-10-21T11:00:00
INFO:DUKASCRIPT:current timestamp :2019-11-19T08:05:00
INFO:DUKASCRIPT:current timestamp :2019-12-18T04:05:00
  GBPUSD 5m 2019: 74,687 bar
INFO:DUKASCRIPT:current timestamp :2020-01-30T20:05:00
INFO:DUKASCRIPT:current timestamp :2020-02-28T16:25:00
INFO:DUKASCRIPT:current timestamp :2020-03-30T13:20:00
INFO:DUKASCRIPT:current timestamp :2020-04-28T10:10:00
INFO:DUKASCRIPT:current timestamp :2020-05-27T07:15:00
INFO:DUKASCRIPT:current timestamp :2020-06-25T03:25:00
INFO:DUKASCRIPT:current timestamp :2020-07-24T00:15:00
INFO:DUKASCRIPT:current timestamp :2020-08-21T20:35:00
INFO:DUKASCRIPT:current timestamp :2020-09-21T18:00:00
INFO:DUKASCRIPT:current timestamp :2020-10-20T15:25:00
INFO:DUKASCRIPT:current timestamp :2020-11-18T12:40:00
INFO:DUKASCRIPT:current timestamp :2020-12-17T09:20:00
  GBPUSD 5m 2020: 74,950 bar
INFO:DUKASCRIPT:current timestamp :2021-02-01T20:45:00
INFO:DUKASCRIPT:current timestamp :2021-03-02T18:00:00
INFO:DUKASCRIPT:current timestamp :2021-03-31T14:30:00
INFO:DUKASCRIPT:current timestamp :2021-04-29T14:40:00
INFO:DUKASCRIPT:current timestamp :2021-05-28T15:25:00
INFO:DUKASCRIPT:current timestamp :2021-06-28T17:05:00
INFO:DUKASCRIPT:current timestamp :2021-07-27T18:05:00
INFO:DUKASCRIPT:current timestamp :2021-08-25T20:15:00
INFO:DUKASCRIPT:current timestamp :2021-09-23T21:05:00
INFO:DUKASCRIPT:current timestamp :2021-10-22T20:10:00
INFO:DUKASCRIPT:current timestamp :2021-11-22T20:25:00
INFO:DUKASCRIPT:current timestamp :2021-12-21T20:00:00
  GBPUSD 5m 2021: 74,842 bar
INFO:DUKASCRIPT:current timestamp :2022-01-31T23:10:00
INFO:DUKASCRIPT:current timestamp :2022-03-01T21:10:00
INFO:DUKASCRIPT:current timestamp :2022-03-30T18:10:00
INFO:DUKASCRIPT:current timestamp :2022-04-28T16:35:00
INFO:DUKASCRIPT:current timestamp :2022-05-27T14:15:00
INFO:DUKASCRIPT:current timestamp :2022-06-27T13:30:00
INFO:DUKASCRIPT:current timestamp :2022-07-26T10:50:00
INFO:DUKASCRIPT:current timestamp :2022-08-24T09:10:00
INFO:DUKASCRIPT:current timestamp :2022-09-22T07:30:00
INFO:DUKASCRIPT:current timestamp :2022-10-21T05:20:00
INFO:DUKASCRIPT:current timestamp :2022-11-21T03:35:00
INFO:DUKASCRIPT:current timestamp :2022-12-20T01:05:00
  GBPUSD 5m 2022: 74,853 bar
INFO:DUKASCRIPT:current timestamp :2023-01-31T00:35:00
INFO:DUKASCRIPT:current timestamp :2023-02-28T21:40:00
INFO:DUKASCRIPT:current timestamp :2023-03-29T17:35:00
INFO:DUKASCRIPT:current timestamp :2023-04-27T15:05:00
INFO:DUKASCRIPT:current timestamp :2023-05-26T12:00:00
INFO:DUKASCRIPT:current timestamp :2023-06-26T09:50:00
INFO:DUKASCRIPT:current timestamp :2023-07-25T08:00:00
INFO:DUKASCRIPT:current timestamp :2023-08-23T05:10:00
INFO:DUKASCRIPT:current timestamp :2023-09-21T03:20:00
INFO:DUKASCRIPT:current timestamp :2023-10-20T00:20:00
INFO:DUKASCRIPT:current timestamp :2023-11-17T22:30:00
INFO:DUKASCRIPT:current timestamp :2023-12-18T20:05:00
  GBPUSD 5m 2023: 74,650 bar
INFO:DUKASCRIPT:current timestamp :2024-01-30T22:30:00
INFO:DUKASCRIPT:current timestamp :2024-02-28T20:20:00
INFO:DUKASCRIPT:current timestamp :2024-03-28T17:05:00
INFO:DUKASCRIPT:current timestamp :2024-04-26T15:50:00
INFO:DUKASCRIPT:current timestamp :2024-05-27T17:15:00
INFO:DUKASCRIPT:current timestamp :2024-06-25T18:00:00
INFO:DUKASCRIPT:current timestamp :2024-07-24T18:40:00
INFO:DUKASCRIPT:current timestamp :2024-08-22T16:20:00
INFO:DUKASCRIPT:current timestamp :2024-09-20T16:25:00
INFO:DUKASCRIPT:current timestamp :2024-10-21T14:55:00
INFO:DUKASCRIPT:current timestamp :2024-11-19T12:55:00
INFO:DUKASCRIPT:current timestamp :2024-12-18T12:15:00
  GBPUSD 5m 2024: 74,928 bar
INFO:DUKASCRIPT:current timestamp :2025-01-30T21:25:00
INFO:DUKASCRIPT:current timestamp :2025-02-28T19:15:00
INFO:DUKASCRIPT:current timestamp :2025-03-31T16:35:00
INFO:DUKASCRIPT:current timestamp :2025-04-29T15:35:00
INFO:DUKASCRIPT:current timestamp :2025-05-28T14:20:00
INFO:DUKASCRIPT:current timestamp :2025-06-26T13:30:00
INFO:DUKASCRIPT:current timestamp :2025-07-25T11:20:00
INFO:DUKASCRIPT:current timestamp :2025-08-25T10:40:00
INFO:DUKASCRIPT:current timestamp :2025-09-23T10:10:00
INFO:DUKASCRIPT:current timestamp :2025-10-22T09:00:00
INFO:DUKASCRIPT:current timestamp :2025-11-20T09:20:00
INFO:DUKASCRIPT:current timestamp :2025-12-19T08:50:00
  GBPUSD 5m 2025: 74,663 bar
INFO:DUKASCRIPT:current timestamp :2026-01-30T22:05:00
INFO:DUKASCRIPT:current timestamp :2026-03-02T20:10:00
INFO:DUKASCRIPT:current timestamp :2026-03-31T16:35:00
INFO:DUKASCRIPT:current timestamp :2026-04-29T15:20:00
INFO:DUKASCRIPT:current timestamp :2026-05-28T14:25:00
INFO:DUKASCRIPT:current timestamp :2026-06-26T12:50:00
INFO:DUKASCRIPT:current timestamp :2026-07-27T11:30:00
INFO:DUKASCRIPT:current timestamp :2026-08-21T23:55:00
  GBPUSD 5m 2026: 47,818 bar
  -> inen=15 atlanan=0 bos=0
