[NASDAQ100 15m] 2012-2026
INFO:DUKASCRIPT:current timestamp :2012-05-09T21:15:00
INFO:DUKASCRIPT:current timestamp :2012-07-10T22:30:00
INFO:DUKASCRIPT:current timestamp :2012-08-02T01:30:00
INFO:DUKASCRIPT:current timestamp :2012-08-22T22:30:00
INFO:DUKASCRIPT:current timestamp :2012-09-12T20:00:00
INFO:DUKASCRIPT:current timestamp :2012-10-03T16:30:00
INFO:DUKASCRIPT:current timestamp :2012-10-24T17:30:00
INFO:DUKASCRIPT:current timestamp :2012-11-15T06:30:00
INFO:DUKASCRIPT:current timestamp :2012-12-07T20:45:00
INFO:DUKASCRIPT:current timestamp :2012-12-29T00:30:00
  NASDAQ100 15m 2012: 20,552 bar
INFO:DUKASCRIPT:current timestamp :2013-01-22T11:30:00
INFO:DUKASCRIPT:current timestamp :2013-02-15T11:45:00
INFO:DUKASCRIPT:current timestamp :2013-03-11T20:30:00
INFO:DUKASCRIPT:current timestamp :2013-04-03T20:30:00
INFO:DUKASCRIPT:current timestamp :2013-05-02T14:15:00
INFO:DUKASCRIPT:current timestamp :2013-05-31T01:15:00
INFO:DUKASCRIPT:current timestamp :2013-06-24T14:30:00
INFO:DUKASCRIPT:current timestamp :2013-07-19T02:15:00
INFO:DUKASCRIPT:current timestamp :2013-08-15T23:00:00
INFO:DUKASCRIPT:current timestamp :2013-09-13T12:30:00
INFO:DUKASCRIPT:current timestamp :2013-10-06T08:15:00
INFO:DUKASCRIPT:current timestamp :2013-10-29T06:00:00
INFO:DUKASCRIPT:current timestamp :2013-11-19T04:15:00
INFO:DUKASCRIPT:current timestamp :2013-12-10T00:45:00
INFO:DUKASCRIPT:current timestamp :2013-12-30T20:30:00
  NASDAQ100 15m 2013: 31,600 bar
INFO:DUKASCRIPT:current timestamp :2014-01-21T23:30:00
INFO:DUKASCRIPT:current timestamp :2014-02-12T03:45:00
INFO:DUKASCRIPT:current timestamp :2014-03-05T04:30:00
INFO:DUKASCRIPT:current timestamp :2014-03-26T00:45:00
INFO:DUKASCRIPT:current timestamp :2014-04-15T20:45:00
INFO:DUKASCRIPT:current timestamp :2014-05-07T17:15:00
INFO:DUKASCRIPT:current timestamp :2014-06-09T15:15:00
INFO:DUKASCRIPT:current timestamp :2014-07-11T01:15:00
INFO:DUKASCRIPT:current timestamp :2014-08-13T03:15:00
INFO:DUKASCRIPT:current timestamp :2014-09-16T23:45:00
INFO:DUKASCRIPT:current timestamp :2014-10-17T19:30:00
INFO:DUKASCRIPT:current timestamp :2014-11-20T14:30:00
INFO:DUKASCRIPT:current timestamp :2014-12-26T16:15:00
  NASDAQ100 15m 2014: 27,363 bar
INFO:DUKASCRIPT:current timestamp :2015-02-03T14:45:00
INFO:DUKASCRIPT:current timestamp :2015-03-16T13:30:00
INFO:DUKASCRIPT:current timestamp :2015-04-23T10:30:00
INFO:DUKASCRIPT:current timestamp :2015-06-12T11:30:00
INFO:DUKASCRIPT:current timestamp :2015-08-03T11:15:00
INFO:DUKASCRIPT:current timestamp :2015-09-22T11:15:00
INFO:DUKASCRIPT:current timestamp :2015-11-11T11:15:00
  NASDAQ100 15m 2015: 17,111 bar
INFO:DUKASCRIPT:current timestamp :2016-02-23T11:00:00
INFO:DUKASCRIPT:current timestamp :2016-04-13T19:45:00
INFO:DUKASCRIPT:current timestamp :2016-06-02T18:15:00
INFO:DUKASCRIPT:current timestamp :2016-07-22T17:15:00
INFO:DUKASCRIPT:current timestamp :2016-09-12T16:00:00
INFO:DUKASCRIPT:current timestamp :2016-11-01T11:45:00
INFO:DUKASCRIPT:current timestamp :2016-12-21T15:00:00
  NASDAQ100 15m 2016: 14,614 bar
INFO:DUKASCRIPT:current timestamp :2017-02-22T19:30:00
INFO:DUKASCRIPT:current timestamp :2017-04-13T19:45:00
INFO:DUKASCRIPT:current timestamp :2017-06-06T18:15:00
INFO:DUKASCRIPT:current timestamp :2017-07-27T10:15:00
INFO:DUKASCRIPT:current timestamp :2017-09-15T16:00:00
INFO:DUKASCRIPT:current timestamp :2017-11-07T15:30:00
INFO:DUKASCRIPT:current timestamp :2017-12-28T23:15:00
  NASDAQ100 15m 2017: 14,424 bar
INFO:DUKASCRIPT:current timestamp :2018-02-21T18:00:00
INFO:DUKASCRIPT:current timestamp :2018-04-13T07:30:00
INFO:DUKASCRIPT:current timestamp :2018-05-15T19:00:00
INFO:DUKASCRIPT:current timestamp :2018-06-15T12:30:00
INFO:DUKASCRIPT:current timestamp :2018-07-18T07:45:00
INFO:DUKASCRIPT:current timestamp :2018-08-17T19:00:00
INFO:DUKASCRIPT:current timestamp :2018-09-19T11:15:00
INFO:DUKASCRIPT:current timestamp :2018-10-19T22:00:00
INFO:DUKASCRIPT:current timestamp :2018-11-21T11:00:00
INFO:DUKASCRIPT:current timestamp :2018-12-24T12:00:00
  NASDAQ100 15m 2018: 20,447 bar
INFO:DUKASCRIPT:current timestamp :2019-02-01T15:30:00
INFO:DUKASCRIPT:current timestamp :2019-03-06T09:45:00
INFO:DUKASCRIPT:current timestamp :2019-04-05T19:15:00
INFO:DUKASCRIPT:current timestamp :2019-05-09T08:00:00
INFO:DUKASCRIPT:current timestamp :2019-06-10T21:30:00
INFO:DUKASCRIPT:current timestamp :2019-07-11T15:45:00
INFO:DUKASCRIPT:current timestamp :2019-08-13T04:00:00
INFO:DUKASCRIPT:current timestamp :2019-09-12T17:30:00
INFO:DUKASCRIPT:current timestamp :2019-10-15T05:30:00
INFO:DUKASCRIPT:current timestamp :2019-11-14T18:15:00
INFO:DUKASCRIPT:current timestamp :2019-12-17T12:45:00
  NASDAQ100 15m 2019: 22,836 bar
INFO:DUKASCRIPT:current timestamp :2020-02-03T15:45:00
INFO:DUKASCRIPT:current timestamp :2020-03-05T07:00:00
INFO:DUKASCRIPT:current timestamp :2020-04-09T01:00:00
INFO:DUKASCRIPT:current timestamp :2020-05-12T11:15:00
INFO:DUKASCRIPT:current timestamp :2020-06-12T02:30:00
INFO:DUKASCRIPT:current timestamp :2020-07-14T16:30:00
INFO:DUKASCRIPT:current timestamp :2020-08-14T04:30:00
INFO:DUKASCRIPT:current timestamp :2020-09-15T18:00:00
INFO:DUKASCRIPT:current timestamp :2020-10-16T06:00:00
INFO:DUKASCRIPT:current timestamp :2020-11-17T17:15:00
INFO:DUKASCRIPT:current timestamp :2020-12-18T11:30:00
  NASDAQ100 15m 2020: 22,769 bar
INFO:DUKASCRIPT:current timestamp :2021-02-03T15:15:00
INFO:DUKASCRIPT:current timestamp :2021-03-08T06:30:00
INFO:DUKASCRIPT:current timestamp :2021-04-07T22:45:00
INFO:DUKASCRIPT:current timestamp :2021-05-10T11:15:00
INFO:DUKASCRIPT:current timestamp :2021-06-10T02:30:00
INFO:DUKASCRIPT:current timestamp :2021-07-12T16:00:00
INFO:DUKASCRIPT:current timestamp :2021-08-12T04:00:00
INFO:DUKASCRIPT:current timestamp :2021-09-13T17:30:00
INFO:DUKASCRIPT:current timestamp :2021-10-14T05:30:00
INFO:DUKASCRIPT:current timestamp :2021-11-15T16:45:00
INFO:DUKASCRIPT:current timestamp :2021-12-16T11:45:00
  NASDAQ100 15m 2021: 22,931 bar
INFO:DUKASCRIPT:current timestamp :2022-02-02T16:15:00
INFO:DUKASCRIPT:current timestamp :2022-03-07T07:30:00
INFO:DUKASCRIPT:current timestamp :2022-04-06T16:45:00
INFO:DUKASCRIPT:current timestamp :2022-05-10T04:45:00
INFO:DUKASCRIPT:current timestamp :2022-06-09T18:15:00
INFO:DUKASCRIPT:current timestamp :2022-07-12T12:45:00
INFO:DUKASCRIPT:current timestamp :2022-08-11T23:00:00
INFO:DUKASCRIPT:current timestamp :2022-09-13T14:15:00
INFO:DUKASCRIPT:current timestamp :2022-10-14T02:15:00
INFO:DUKASCRIPT:current timestamp :2022-11-15T13:30:00
INFO:DUKASCRIPT:current timestamp :2022-12-16T07:45:00
  NASDAQ100 15m 2022: 22,857 bar
INFO:DUKASCRIPT:current timestamp :2023-02-02T15:30:00
INFO:DUKASCRIPT:current timestamp :2023-03-07T06:45:00
INFO:DUKASCRIPT:current timestamp :2023-04-06T16:00:00
INFO:DUKASCRIPT:current timestamp :2023-05-09T11:00:00
INFO:DUKASCRIPT:current timestamp :2023-06-09T02:30:00
INFO:DUKASCRIPT:current timestamp :2023-07-12T19:00:00
INFO:DUKASCRIPT:current timestamp :2023-08-14T07:00:00
INFO:DUKASCRIPT:current timestamp :2023-09-13T20:30:00
INFO:DUKASCRIPT:current timestamp :2023-10-16T08:30:00
INFO:DUKASCRIPT:current timestamp :2023-11-15T19:45:00
INFO:DUKASCRIPT:current timestamp :2023-12-18T16:15:00
  NASDAQ100 15m 2023: 22,737 bar
INFO:DUKASCRIPT:current timestamp :2024-02-01T15:30:00
INFO:DUKASCRIPT:current timestamp :2024-03-05T06:45:00
INFO:DUKASCRIPT:current timestamp :2024-04-05T18:15:00
INFO:DUKASCRIPT:current timestamp :2024-05-08T09:45:00
INFO:DUKASCRIPT:current timestamp :2024-06-10T03:45:00
INFO:DUKASCRIPT:current timestamp :2024-07-11T03:45:00
INFO:DUKASCRIPT:current timestamp :2024-08-12T21:00:00
INFO:DUKASCRIPT:current timestamp :2024-09-12T14:30:00
INFO:DUKASCRIPT:current timestamp :2024-10-15T06:00:00
INFO:DUKASCRIPT:current timestamp :2024-11-14T18:30:00
INFO:DUKASCRIPT:current timestamp :2024-12-17T12:45:00
  NASDAQ100 15m 2024: 22,892 bar
INFO:DUKASCRIPT:current timestamp :2025-02-03T23:30:00
INFO:DUKASCRIPT:current timestamp :2025-03-06T14:45:00
INFO:DUKASCRIPT:current timestamp :2025-04-08T03:45:00
INFO:DUKASCRIPT:current timestamp :2025-05-09T15:45:00
INFO:DUKASCRIPT:current timestamp :2025-06-11T10:00:00
INFO:DUKASCRIPT:current timestamp :2025-07-14T10:00:00
INFO:DUKASCRIPT:current timestamp :2025-08-13T22:15:00
INFO:DUKASCRIPT:current timestamp :2025-09-15T14:45:00
INFO:DUKASCRIPT:current timestamp :2025-10-16T02:45:00
INFO:DUKASCRIPT:current timestamp :2025-11-17T14:00:00
INFO:DUKASCRIPT:current timestamp :2025-12-18T19:00:00
  NASDAQ100 15m 2025: 22,758 bar
INFO:DUKASCRIPT:current timestamp :2026-02-03T15:15:00
INFO:DUKASCRIPT:current timestamp :2026-03-06T06:30:00
INFO:DUKASCRIPT:current timestamp :2026-04-08T16:30:00
INFO:DUKASCRIPT:current timestamp :2026-05-11T04:30:00
INFO:DUKASCRIPT:current timestamp :2026-06-10T20:15:00
INFO:DUKASCRIPT:current timestamp :2026-07-13T14:45:00
INFO:DUKASCRIPT:current timestamp :2026-08-13T02:45:00
INFO:DUKASCRIPT:current timestamp :2026-08-21T23:00:00
  NASDAQ100 15m 2026: 14,617 bar
  -> inen=15 atlanan=0 bos=0
[SP500 15m] 2012-2026
INFO:DUKASCRIPT:current timestamp :2012-04-27T18:15:00
INFO:DUKASCRIPT:current timestamp :2012-07-08T00:30:00
INFO:DUKASCRIPT:current timestamp :2012-07-30T02:00:00
INFO:DUKASCRIPT:current timestamp :2012-08-19T23:00:00
INFO:DUKASCRIPT:current timestamp :2012-09-11T14:15:00
INFO:DUKASCRIPT:current timestamp :2012-10-02T10:45:00
INFO:DUKASCRIPT:current timestamp :2012-10-23T12:15:00
INFO:DUKASCRIPT:current timestamp :2012-11-14T12:45:00
INFO:DUKASCRIPT:current timestamp :2012-12-08T03:45:00
INFO:DUKASCRIPT:current timestamp :2012-12-29T06:45:00
  SP500 15m 2012: 20,946 bar
INFO:DUKASCRIPT:current timestamp :2013-01-23T23:00:00
INFO:DUKASCRIPT:current timestamp :2013-02-16T12:15:00
INFO:DUKASCRIPT:current timestamp :2013-03-14T02:45:00
INFO:DUKASCRIPT:current timestamp :2013-04-06T02:45:00
INFO:DUKASCRIPT:current timestamp :2013-05-04T13:15:00
INFO:DUKASCRIPT:current timestamp :2013-06-01T12:15:00
INFO:DUKASCRIPT:current timestamp :2013-06-26T01:30:00
INFO:DUKASCRIPT:current timestamp :2013-07-21T04:30:00
INFO:DUKASCRIPT:current timestamp :2013-08-17T12:45:00
INFO:DUKASCRIPT:current timestamp :2013-09-16T14:00:00
INFO:DUKASCRIPT:current timestamp :2013-10-09T03:15:00
INFO:DUKASCRIPT:current timestamp :2013-10-31T19:00:00
INFO:DUKASCRIPT:current timestamp :2013-11-21T17:15:00
INFO:DUKASCRIPT:current timestamp :2013-12-12T13:45:00
  SP500 15m 2013: 31,839 bar
INFO:DUKASCRIPT:current timestamp :2014-01-21T23:30:00
INFO:DUKASCRIPT:current timestamp :2014-02-12T10:00:00
INFO:DUKASCRIPT:current timestamp :2014-03-05T10:45:00
INFO:DUKASCRIPT:current timestamp :2014-03-26T07:00:00
INFO:DUKASCRIPT:current timestamp :2014-04-16T03:00:00
INFO:DUKASCRIPT:current timestamp :2014-05-08T03:15:00
INFO:DUKASCRIPT:current timestamp :2014-06-10T15:45:00
INFO:DUKASCRIPT:current timestamp :2014-07-14T16:00:00
INFO:DUKASCRIPT:current timestamp :2014-08-15T05:00:00
INFO:DUKASCRIPT:current timestamp :2014-10-01T18:15:00
INFO:DUKASCRIPT:current timestamp :2014-11-06T09:30:00
INFO:DUKASCRIPT:current timestamp :2014-12-18T10:45:00
  SP500 15m 2014: 27,216 bar
INFO:DUKASCRIPT:current timestamp :2015-02-06T19:00:00
INFO:DUKASCRIPT:current timestamp :2015-03-23T01:00:00
INFO:DUKASCRIPT:current timestamp :2015-05-05T17:15:00
INFO:DUKASCRIPT:current timestamp :2015-06-25T10:45:00
INFO:DUKASCRIPT:current timestamp :2015-08-17T13:00:00
INFO:DUKASCRIPT:current timestamp :2015-10-06T13:00:00
INFO:DUKASCRIPT:current timestamp :2015-11-25T13:30:00
  SP500 15m 2015: 16,881 bar
INFO:DUKASCRIPT:current timestamp :2016-02-23T11:00:00
INFO:DUKASCRIPT:current timestamp :2016-04-13T14:15:00
INFO:DUKASCRIPT:current timestamp :2016-06-02T14:30:00
INFO:DUKASCRIPT:current timestamp :2016-07-22T15:15:00
INFO:DUKASCRIPT:current timestamp :2016-09-12T20:30:00
INFO:DUKASCRIPT:current timestamp :2016-11-01T17:00:00
INFO:DUKASCRIPT:current timestamp :2016-12-20T22:45:00
  SP500 15m 2016: 14,736 bar
INFO:DUKASCRIPT:current timestamp :2017-02-22T21:45:00
INFO:DUKASCRIPT:current timestamp :2017-04-18T11:30:00
INFO:DUKASCRIPT:current timestamp :2017-06-14T12:30:00
INFO:DUKASCRIPT:current timestamp :2017-08-11T10:45:00
INFO:DUKASCRIPT:current timestamp :2017-10-10T12:00:00
INFO:DUKASCRIPT:current timestamp :2017-12-06T15:30:00
  SP500 15m 2017: 14,497 bar
INFO:DUKASCRIPT:current timestamp :2018-02-22T23:30:00
INFO:DUKASCRIPT:current timestamp :2018-04-16T16:15:00
INFO:DUKASCRIPT:current timestamp :2018-05-22T18:45:00
INFO:DUKASCRIPT:current timestamp :2018-06-27T16:00:00
INFO:DUKASCRIPT:current timestamp :2018-08-02T09:45:00
INFO:DUKASCRIPT:current timestamp :2018-09-11T07:45:00
INFO:DUKASCRIPT:current timestamp :2018-10-17T16:00:00
INFO:DUKASCRIPT:current timestamp :2018-11-19T14:00:00
INFO:DUKASCRIPT:current timestamp :2018-12-21T02:45:00
  SP500 15m 2018: 20,444 bar
INFO:DUKASCRIPT:current timestamp :2019-02-04T08:15:00
INFO:DUKASCRIPT:current timestamp :2019-03-11T06:00:00
INFO:DUKASCRIPT:current timestamp :2019-04-15T18:00:00
INFO:DUKASCRIPT:current timestamp :2019-05-22T04:30:00
INFO:DUKASCRIPT:current timestamp :2019-06-25T12:00:00
INFO:DUKASCRIPT:current timestamp :2019-08-01T01:00:00
INFO:DUKASCRIPT:current timestamp :2019-09-03T05:15:00
INFO:DUKASCRIPT:current timestamp :2019-10-07T08:45:00
INFO:DUKASCRIPT:current timestamp :2019-11-08T23:30:00
INFO:DUKASCRIPT:current timestamp :2019-12-17T03:45:00
  SP500 15m 2019: 22,827 bar
INFO:DUKASCRIPT:current timestamp :2020-02-05T12:30:00
INFO:DUKASCRIPT:current timestamp :2020-03-10T04:15:00
INFO:DUKASCRIPT:current timestamp :2020-04-14T04:00:00
INFO:DUKASCRIPT:current timestamp :2020-05-14T14:45:00
INFO:DUKASCRIPT:current timestamp :2020-06-16T07:00:00
INFO:DUKASCRIPT:current timestamp :2020-07-16T22:00:00
INFO:DUKASCRIPT:current timestamp :2020-08-18T16:45:00
INFO:DUKASCRIPT:current timestamp :2020-09-18T19:15:00
INFO:DUKASCRIPT:current timestamp :2020-10-21T12:45:00
INFO:DUKASCRIPT:current timestamp :2020-11-23T03:45:00
INFO:DUKASCRIPT:current timestamp :2020-12-24T11:30:00
  SP500 15m 2020: 22,789 bar
INFO:DUKASCRIPT:current timestamp :2021-02-03T19:30:00
INFO:DUKASCRIPT:current timestamp :2021-03-08T18:30:00
INFO:DUKASCRIPT:current timestamp :2021-04-09T03:45:00
INFO:DUKASCRIPT:current timestamp :2021-05-12T11:15:00
INFO:DUKASCRIPT:current timestamp :2021-06-14T20:00:00
INFO:DUKASCRIPT:current timestamp :2021-07-16T15:00:00
INFO:DUKASCRIPT:current timestamp :2021-08-19T02:00:00
INFO:DUKASCRIPT:current timestamp :2021-09-21T17:15:00
INFO:DUKASCRIPT:current timestamp :2021-10-22T08:15:00
INFO:DUKASCRIPT:current timestamp :2021-11-24T13:45:00
INFO:DUKASCRIPT:current timestamp :2021-12-28T12:45:00
  SP500 15m 2021: 22,930 bar
INFO:DUKASCRIPT:current timestamp :2022-02-02T16:30:00
INFO:DUKASCRIPT:current timestamp :2022-03-07T08:45:00
INFO:DUKASCRIPT:current timestamp :2022-04-06T21:00:00
INFO:DUKASCRIPT:current timestamp :2022-05-10T10:45:00
INFO:DUKASCRIPT:current timestamp :2022-06-10T02:45:00
INFO:DUKASCRIPT:current timestamp :2022-07-12T20:00:00
INFO:DUKASCRIPT:current timestamp :2022-08-12T09:45:00
INFO:DUKASCRIPT:current timestamp :2022-09-14T05:15:00
INFO:DUKASCRIPT:current timestamp :2022-10-14T16:00:00
INFO:DUKASCRIPT:current timestamp :2022-11-16T06:00:00
INFO:DUKASCRIPT:current timestamp :2022-12-19T02:45:00
  SP500 15m 2022: 22,859 bar
INFO:DUKASCRIPT:current timestamp :2023-02-02T19:15:00
INFO:DUKASCRIPT:current timestamp :2023-03-07T14:45:00
INFO:DUKASCRIPT:current timestamp :2023-04-07T06:30:00
INFO:DUKASCRIPT:current timestamp :2023-05-10T19:45:00
INFO:DUKASCRIPT:current timestamp :2023-06-13T01:15:00
INFO:DUKASCRIPT:current timestamp :2023-07-17T13:30:00
INFO:DUKASCRIPT:current timestamp :2023-08-17T16:00:00
INFO:DUKASCRIPT:current timestamp :2023-09-20T02:00:00
INFO:DUKASCRIPT:current timestamp :2023-10-20T20:30:00
INFO:DUKASCRIPT:current timestamp :2023-11-22T19:30:00
INFO:DUKASCRIPT:current timestamp :2023-12-27T23:45:00
  SP500 15m 2023: 22,734 bar
INFO:DUKASCRIPT:current timestamp :2024-02-02T10:30:00
INFO:DUKASCRIPT:current timestamp :2024-03-07T02:00:00
INFO:DUKASCRIPT:current timestamp :2024-04-10T06:00:00
INFO:DUKASCRIPT:current timestamp :2024-05-13T02:45:00
INFO:DUKASCRIPT:current timestamp :2024-06-13T17:00:00
INFO:DUKASCRIPT:current timestamp :2024-07-17T18:30:00
INFO:DUKASCRIPT:current timestamp :2024-08-19T10:00:00
INFO:DUKASCRIPT:current timestamp :2024-09-19T05:45:00
INFO:DUKASCRIPT:current timestamp :2024-10-21T22:00:00
INFO:DUKASCRIPT:current timestamp :2024-11-21T14:00:00
INFO:DUKASCRIPT:current timestamp :2024-12-26T04:45:00
  SP500 15m 2024: 22,909 bar
INFO:DUKASCRIPT:current timestamp :2025-02-04T02:30:00
INFO:DUKASCRIPT:current timestamp :2025-03-06T21:45:00
INFO:DUKASCRIPT:current timestamp :2025-04-08T10:15:00
INFO:DUKASCRIPT:current timestamp :2025-05-09T20:30:00
INFO:DUKASCRIPT:current timestamp :2025-06-11T14:15:00
INFO:DUKASCRIPT:current timestamp :2025-07-14T15:00:00
INFO:DUKASCRIPT:current timestamp :2025-08-14T08:30:00
INFO:DUKASCRIPT:current timestamp :2025-09-16T04:45:00
INFO:DUKASCRIPT:current timestamp :2025-10-16T22:15:00
INFO:DUKASCRIPT:current timestamp :2025-11-18T12:45:00
INFO:DUKASCRIPT:current timestamp :2025-12-19T18:45:00
  SP500 15m 2025: 22,766 bar
INFO:DUKASCRIPT:current timestamp :2026-02-03T16:45:00
INFO:DUKASCRIPT:current timestamp :2026-03-06T08:00:00
INFO:DUKASCRIPT:current timestamp :2026-04-08T17:30:00
INFO:DUKASCRIPT:current timestamp :2026-05-11T06:30:00
INFO:DUKASCRIPT:current timestamp :2026-06-10T21:45:00
INFO:DUKASCRIPT:current timestamp :2026-07-13T16:30:00
INFO:DUKASCRIPT:current timestamp :2026-08-13T05:15:00
INFO:DUKASCRIPT:current timestamp :2026-08-21T23:00:00
  SP500 15m 2026: 14,615 bar
  -> inen=15 atlanan=0 bos=0
